NAMESPACE            NAME                                             READY   STATUS    RESTARTS       AGE
kube-system          pod/coredns-7d764666f9-8thvl                     1/1     Running   0              31m
kube-system          pod/coredns-7d764666f9-hj25h                     1/1     Running   0              31m
kube-system          pod/etcd-kind-control-plane                      1/1     Running   0              31m
kube-system          pod/kindnet-5cfkl                                1/1     Running   0              31m
kube-system          pod/kindnet-8kfdx                                1/1     Running   0              31m
kube-system          pod/kindnet-bnfhb                                1/1     Running   0              31m
kube-system          pod/kindnet-mxvww                                1/1     Running   0              31m
kube-system          pod/kindnet-r99lz                                1/1     Running   0              31m
kube-system          pod/kindnet-sbfl5                                1/1     Running   0              31m
kube-system          pod/kindnet-xk7zb                                1/1     Running   0              31m
kube-system          pod/kube-apiserver-kind-control-plane            1/1     Running   0              31m
kube-system          pod/kube-controller-manager-kind-control-plane   1/1     Running   0              31m
kube-system          pod/kube-proxy-2jgz7                             1/1     Running   0              31m
kube-system          pod/kube-proxy-594xm                             1/1     Running   0              31m
kube-system          pod/kube-proxy-6mgj5                             1/1     Running   0              31m
kube-system          pod/kube-proxy-b8f2x                             1/1     Running   0              31m
kube-system          pod/kube-proxy-c5xp6                             1/1     Running   0              31m
kube-system          pod/kube-proxy-l5nb7                             1/1     Running   0              31m
kube-system          pod/kube-proxy-w4n5f                             1/1     Running   0              31m
kube-system          pod/kube-scheduler-kind-control-plane            1/1     Running   0              31m
local-path-storage   pod/local-path-provisioner-67b8995b4b-d8q94      1/1     Running   0              31m
mysql                pod/mysql-0                                      1/1     Running   0              3m40s
mysql                pod/mysql-1                                      1/1     Running   0              34s
todoapp              pod/todoapp-6fbdfb5b86-l2c82                     1/1     Running   1 (2m7s ago)   2m21s
todoapp              pod/todoapp-6fbdfb5b86-ttjmx                     1/1     Running   0              2m21s

NAMESPACE     NAME                       TYPE        CLUSTER-IP     EXTERNAL-IP   PORT(S)                  AGE
default       service/kubernetes         ClusterIP   10.96.0.1      <none>        443/TCP                  31m
kube-system   service/kube-dns           ClusterIP   10.96.0.10     <none>        53/UDP,53/TCP,9153/TCP   31m
mysql         service/mysql              ClusterIP   None           <none>        3306/TCP                 23m
todoapp       service/todoapp-nodeport   NodePort    10.96.70.165   <none>        80:30007/TCP             23m
todoapp       service/todoapp-service    ClusterIP   10.96.41.203   <none>        80/TCP                   23m

NAMESPACE     NAME                        DESIRED   CURRENT   READY   UP-TO-DATE   AVAILABLE   NODE SELECTOR            AGE
kube-system   daemonset.apps/kindnet      7         7         7       7            7           kubernetes.io/os=linux   31m
kube-system   daemonset.apps/kube-proxy   7         7         7       7            7           kubernetes.io/os=linux   31m

NAMESPACE            NAME                                     READY   UP-TO-DATE   AVAILABLE   AGE
kube-system          deployment.apps/coredns                  2/2     2            2           31m
local-path-storage   deployment.apps/local-path-provisioner   1/1     1            1           31m
todoapp              deployment.apps/todoapp                  2/2     2            2           23m

NAMESPACE            NAME                                                DESIRED   CURRENT   READY   AGE
kube-system          replicaset.apps/coredns-7d764666f9                  2         2         2       31m
local-path-storage   replicaset.apps/local-path-provisioner-67b8995b4b   1         1         1       31m
todoapp              replicaset.apps/todoapp-6fbdfb5b86                  2         2         2       23m

NAMESPACE   NAME                     READY   AGE
mysql       statefulset.apps/mysql   2/2     23m

NAMESPACE   NAME                                          REFERENCE            TARGETS                                     MINPODS   MAXPODS   REPLICAS   AGE
todoapp     horizontalpodautoscaler.autoscaling/todoapp   Deployment/todoapp   cpu: <unknown>/70%, memory: <unknown>/70%   2         5         2          23m

NAMESPACE            NAME                                                             DATA   AGE
default              configmap/kube-root-ca.crt                                       1      31m
kube-node-lease      configmap/kube-root-ca.crt                                       1      31m
kube-public          configmap/cluster-info                                           2      31m
kube-public          configmap/kube-root-ca.crt                                       1      31m
kube-system          configmap/coredns                                                1      31m
kube-system          configmap/extension-apiserver-authentication                     6      31m
kube-system          configmap/kube-apiserver-legacy-service-account-token-tracking   1      31m
kube-system          configmap/kube-proxy                                             2      31m
kube-system          configmap/kube-root-ca.crt                                       1      31m
kube-system          configmap/kubeadm-config                                         1      31m
kube-system          configmap/kubelet-config                                         1      31m
local-path-storage   configmap/kube-root-ca.crt                                       1      31m
local-path-storage   configmap/local-path-config                                      4      31m
mysql                configmap/kube-root-ca.crt                                       1      23m
mysql                configmap/mysql                                                  2      23m
todoapp              configmap/app-config                                             1      23m
todoapp              configmap/kube-root-ca.crt                                       1      23m

NAMESPACE     NAME                                           TYPE                            DATA   AGE
kube-system   secret/bootstrap-token-abcdef                  bootstrap.kubernetes.io/token   6      31m
mysql         secret/mysql-secrets                           Opaque                          3      23m
todoapp       secret/app-secret                              Opaque                          5      12m
todoapp       secret/sh.helm.release.v1.todoapp-release.v1   helm.sh/release.v1              1      12m
todoapp       secret/sh.helm.release.v1.todoapp-release.v2   helm.sh/release.v1              1      4m59s
(.venv) PS C:\Users\Asus\PycharmProjects\devops_todolist_kubernetes_task_12_helm_charts>